n/empty_street_486.jpg
n/empty_street_485.jpg
n/empty_street_479.jpg
n/empty_street_478.jpg
n/empty_street_476.jpg
n/empty_street_474.jpg
n/empty_street_472.jpg
n/empty_street_470.jpg
n/empty_street_468.jpg
n/empty_street_467.jpg
n/empty_street_466.jpg
n/empty_street_463.jpg
n/empty_street_460.jpg
n/empty_street_459.jpg
n/empty_street_458.jpg
n/empty_street_456.jpg
n/empty_street_455.jpg
n/empty_street_454.jpg
n/empty_street_451.jpg
n/empty_street_450.jpg
n/empty_street_449.jpg
n/empty_street_448.jpg
n/empty_street_444.jpg
n/empty_street_443.jpg
n/empty_street_442.jpg
n/empty_street_440.jpg
n/empty_street_438.jpg
n/empty_street_436.jpg
n/empty_street_434.jpg
n/empty_street_433.jpg
n/empty_street_431.jpg
n/empty_street_424.jpg
n/empty_street_420.jpg
n/empty_street_419.jpg
n/empty_street_416.jpg
n/empty_street_414.jpg
n/empty_street_413.jpg
n/empty_street_412.jpg
n/empty_street_411.jpg
n/empty_street_409.jpg
n/empty_street_404.jpg
n/empty_street_402.jpg
n/empty_street_401.jpg
n/empty_street_399.jpg
n/empty_street_398.jpg
n/empty_street_397.jpg
n/empty_street_396.jpg
n/empty_street_393.jpg
n/empty_street_392.jpg
n/empty_street_391.jpg
n/empty_street_388.jpg
n/empty_street_384.jpg
n/empty_street_375.jpg
n/empty_street_374.jpg
n/empty_street_372.jpg
n/empty_street_368.jpg
n/empty_street_365.jpg
n/empty_street_363.jpg
n/empty_street_356.jpg
n/empty_street_355.jpg
n/empty_street_348.jpg
n/empty_street_347.jpg
n/empty_street_346.jpg
n/empty_street_345.jpg
n/empty_street_342.jpg
n/empty_street_341.jpg
n/empty_street_339.jpg
n/empty_street_334.jpg
n/empty_street_333.jpg
n/empty_street_329.jpg
n/empty_street_327.jpg
n/empty_street_325.jpg
n/empty_street_320.jpg
n/empty_street_319.jpg
n/empty_street_317.jpg
n/empty_street_316.jpg
n/empty_street_315.jpg
n/empty_street_310.jpg
n/empty_street_309.jpg
n/empty_street_307.jpg
n/empty_street_302.jpg
n/empty_street_299.jpg
n/empty_street_297.jpg
n/empty_street_295.jpg
n/empty_street_292.jpg
n/empty_street_289.jpg
n/empty_street_287.jpg
n/empty_street_281.jpg
n/empty_street_280.jpg
n/empty_street_279.jpg
n/empty_street_277.jpg
n/empty_street_272.jpg
n/empty_street_265.jpg
n/empty_street_264.jpg
n/empty_street_263.jpg
n/empty_street_262.jpg
n/empty_street_258.jpg
n/empty_street_254.jpg
n/empty_street_253.jpg
n/empty_street_251.jpg
n/empty_street_249.jpg
n/empty_street_247.jpg
n/empty_street_243.jpg
n/empty_street_242.jpg
n/empty_street_241.jpg
n/empty_street_240.jpg
n/empty_street_237.jpg
n/empty_street_235.jpg
n/empty_street_234.jpg
n/empty_street_233.jpg
n/empty_street_232.jpg
n/empty_street_230.jpg
n/empty_street_229.jpg
n/empty_street_227.jpg
n/empty_street_224.jpg
n/empty_street_222.jpg
n/empty_street_220.jpg
n/empty_street_219.jpg
n/empty_street_218.jpg
n/empty_street_216.jpg
n/empty_street_215.jpg
n/empty_street_213.jpg
n/empty_street_211.jpg
n/empty_street_210.jpg
n/empty_street_207.jpg
n/empty_street_206.jpg
n/empty_street_204.jpg
n/empty_street_201.jpg
n/empty_street_199.jpg
n/empty_street_196.jpg
n/empty_street_194.jpg
n/empty_street_193.jpg
n/empty_street_192.jpg
n/empty_street_190.jpg
n/empty_street_189.jpg
n/empty_street_188.jpg
n/empty_street_186.jpg
n/empty_street_185.jpg
n/empty_street_184.jpg
n/empty_street_183.jpg
n/empty_street_182.jpg
n/empty_street_181.jpg
n/empty_street_177.jpg
n/empty_street_176.jpg
n/empty_street_174.jpg
n/empty_street_173.jpg
n/empty_street_172.jpg
n/empty_street_171.jpg
n/empty_street_170.jpg
n/empty_street_169.jpg
n/empty_street_166.jpg
n/empty_street_165.jpg
n/empty_street_160.jpg
n/empty_street_158.jpg
n/empty_street_154.jpg
n/empty_street_153.jpg
n/empty_street_151.jpg
n/empty_street_148.jpg
n/empty_street_146.jpg
n/empty_street_145.jpg
n/empty_street_144.jpg
n/empty_street_143.jpg
n/empty_street_142.jpg
n/empty_street_140.jpg
n/empty_street_139.jpg
n/empty_street_138.jpg
n/empty_street_137.jpg
n/empty_street_136.jpg
n/empty_street_135.jpg
n/empty_street_134.jpg
n/empty_street_133.jpg
n/empty_street_132.jpg
n/empty_street_131.jpg
n/empty_street_130.jpg
n/empty_street_129.jpg
n/empty_street_128.jpg
n/empty_street_127.jpg
n/empty_street_125.jpg
n/empty_street_124.jpg
n/empty_street_24.jpg
n/empty_street_122.jpg
n/empty_street_121.jpg
n/empty_street_120.jpg
n/empty_street_119.jpg
n/empty_street_118.jpg
n/empty_street_115.jpg
n/empty_street_114.jpg
n/empty_street_113.jpg
n/empty_street_111.jpg
n/empty_street_110.jpg
n/empty_street_109.jpg
n/empty_street_108.jpg
n/empty_street_107.jpg
n/empty_street_106.jpg
n/empty_street_105.jpg
n/empty_street_104.jpg
n/empty_street_1.jpg
n/empty_street_99.jpg
n/empty_street_97.jpg
n/empty_street_91.jpg
n/empty_street_88.jpg
n/empty_street_87.jpg
n/empty_street_83.jpg
n/empty_street_81.jpg
n/empty_street_80.jpg
n/empty_street_78.jpg
n/empty_street_76.jpg
n/empty_street_75.jpg
n/empty_street_74.jpg
n/empty_street_73.jpg
n/empty_street_72.jpg
n/empty_street_71.jpg
n/empty_street_70.jpg
n/empty_street_69.jpg
n/empty_street_67.jpg
n/empty_street_65.jpg
n/empty_street_64.jpg
n/empty_street_61.jpg
n/empty_street_60.jpg
n/empty_street_59.jpg
n/empty_street_58.jpg
n/empty_street_55.jpg
n/empty_street_54.jpg
n/empty_street_53.jpg
n/empty_street_52.jpg
n/empty_street_51.jpg
n/empty_street_50.jpg
n/empty_street_47.jpg
n/empty_street_45.jpg
n/empty_street_44.jpg
n/empty_street_43.jpg
n/empty_street_42.jpg
n/empty_street_41.jpg
n/empty_street_40.jpg
n/empty_street_39.jpg
n/empty_street_38.jpg
n/empty_street_36.jpg
n/empty_street_33.jpg
n/empty_street_31.jpg
n/empty_street_30.jpg
n/empty_street_29.jpg
n/empty_street_28.jpg
n/empty_street_27.jpg
n/empty_street_26.jpg
n/empty_street_25.jpg
n/empty_street_23.jpg
n/empty_street_112.jpg
n/empty_street_90.jpg
n/empty_street_79.jpg
n/empty_street_57.jpg
n/empty_street_34.jpg
n/empty_street_21.jpg
n/empty_street_487.jpg
n/empty_street_491.jpg
n/empty_street_6.jpg
n/empty_street_5.jpg
n/empty_street_490.jpg
n/empty_street_14.jpg
n/empty_street_13.jpg
n/empty_street_488.jpg
n/empty_street_12.jpg
n/empty_street_11.jpg
n/empty_street_0.jpg
n/empty_street_2.jpg
n/empty_street_9.jpg
n/empty_street_8.jpg
n/empty_street_16.jpg